| test.java:1:15:1:23 | // codeql |  codeql | lgtm | test.java:2:1:3:1 | suppression range |
| test.java:2:1:2:37 | // codeql[java/confusing-method-name] |  codeql[java/confusing-method-name] | lgtm[java/confusing-method-name] | test.java:3:1:4:1 | suppression range |
| test.java:3:1:3:72 | // codeql[java/confusing-method-name, java/non-short-circuit-evaluation] |  codeql[java/confusing-method-name, java/non-short-circuit-evaluation] | lgtm[java/confusing-method-name, java/non-short-circuit-evaluation] | test.java:4:1:5:1 | suppression range |
| test.java:4:1:4:26 | // codeql[@tag:exceptions] |  codeql[@tag:exceptions] | lgtm[@tag:exceptions] | test.java:5:1:6:1 | suppression range |
| test.java:5:1:5:53 | // codeql[@tag:exceptions,java/confusing-method-name] |  codeql[@tag:exceptions,java/confusing-method-name] | lgtm[@tag:exceptions,java/confusing-method-name] | test.java:6:1:7:1 | suppression range |
| test.java:6:1:6:30 | // codeql[@expires:2017-06-11] |  codeql[@expires:2017-06-11] | lgtm[@expires:2017-06-11] | test.java:7:1:8:1 | suppression range |
| test.java:7:1:7:85 | // codeql[java/confusing-method-name] does not seem confusing despite alert by codeql |  codeql[java/confusing-method-name] does not seem confusing despite alert by codeql | lgtm[java/confusing-method-name] | test.java:8:1:9:1 | suppression range |
| test.java:8:1:8:20 | // codeql: blah blah |  codeql: blah blah | lgtm | test.java:9:1:10:1 | suppression range |
| test.java:9:1:9:34 | // codeql blah blah #falsepositive |  codeql blah blah #falsepositive | lgtm | test.java:10:1:11:1 | suppression range |
| test.java:10:1:10:38 | //codeql  [java/confusing-method-name] | codeql  [java/confusing-method-name] | lgtm  [java/confusing-method-name] | test.java:11:1:12:1 | suppression range |
| test.java:11:1:11:12 | /* codeql */ | codeql | lgtm | test.java:12:1:13:1 | suppression range |
| test.java:12:1:12:11 | // codeql[] |  codeql[] | lgtm[] | test.java:13:1:14:1 | suppression range |
| test.java:14:1:14:8 | //codeql | codeql | lgtm | test.java:15:1:16:1 | suppression range |
| test.java:15:1:15:9 | //\tcodeql | \tcodeql | lgtm | test.java:16:1:17:1 | suppression range |
| test.java:16:1:16:38 | // codeql\t[java/confusing-method-name] |  codeql\t[java/confusing-method-name] | lgtm\t[java/confusing-method-name] | test.java:17:1:18:1 | suppression range |
| test.java:19:1:19:14 | // foo; codeql |  foo; codeql | lgtm | test.java:20:1:21:1 | suppression range |
| test.java:20:1:20:42 | // foo; codeql[java/confusing-method-name] |  foo; codeql[java/confusing-method-name] | lgtm[java/confusing-method-name] | test.java:21:1:22:1 | suppression range |
| test.java:22:1:22:41 | // foo codeql[java/confusing-method-name] |  foo codeql[java/confusing-method-name] | lgtm[java/confusing-method-name] | test.java:23:1:24:1 | suppression range |
| test.java:24:1:24:45 | // foo codeql[java/confusing-method-name] bar |  foo codeql[java/confusing-method-name] bar | lgtm[java/confusing-method-name] | test.java:25:1:26:1 | suppression range |
| test.java:25:1:25:10 | // codeql! |  codeql! | lgtm | test.java:26:1:27:1 | suppression range |
| test.java:26:1:26:37 | // codeql[java/confusing-method-name] |  codeql[java/confusing-method-name] | lgtm[java/confusing-method-name] | test.java:27:1:28:1 | suppression range |
| test.java:27:1:27:82 | //codeql[java/confusing-method-name] and codeql[java/non-short-circuit-evaluation] | codeql[java/confusing-method-name] and codeql[java/non-short-circuit-evaluation] | lgtm[java/confusing-method-name] | test.java:28:1:29:1 | suppression range |
| test.java:27:1:27:82 | //codeql[java/confusing-method-name] and codeql[java/non-short-circuit-evaluation] | codeql[java/confusing-method-name] and codeql[java/non-short-circuit-evaluation] | lgtm[java/non-short-circuit-evaluation] | test.java:28:1:29:1 | suppression range |
| test.java:28:1:28:44 | //codeql[java/confusing-method-name]; codeql | codeql[java/confusing-method-name]; codeql | lgtm | test.java:29:1:30:1 | suppression range |
| test.java:28:1:28:44 | //codeql[java/confusing-method-name]; codeql | codeql[java/confusing-method-name]; codeql | lgtm[java/confusing-method-name] | test.java:29:1:30:1 | suppression range |
| test.java:29:1:29:14 | /* codeql[] */ | codeql[] | lgtm[] | test.java:30:1:31:1 | suppression range |
| test.java:30:1:30:40 | /* codeql[java/confusing-method-name] */ | codeql[java/confusing-method-name] | lgtm[java/confusing-method-name] | test.java:31:1:32:1 | suppression range |
| test.java:36:1:36:54 | /* codeql[@tag:nullness,java/confusing-method-name] */ | codeql[@tag:nullness,java/confusing-method-name] | lgtm[@tag:nullness,java/confusing-method-name] | test.java:37:1:38:1 | suppression range |
| test.java:37:1:37:27 | /* codeql[@tag:nullness] */ | codeql[@tag:nullness] | lgtm[@tag:nullness] | test.java:38:1:39:1 | suppression range |
